-----------------------------------------------------------------------------------------------------------------------------------
      name:  <unnamed>
       log:  C:\Users\Cristina Lafuente\Documents\Research\MCVL\flows_ss_0_stu_q.log
  log type:  text
 opened on:  11 Dec 2025, 16:39:53

. tab time flow if state=="0"&length(flow)==2

           |                               flow
      time |        00         0A         0P         0R         0T         0U |     Total
-----------+------------------------------------------------------------------+----------
    2006q1 |    12,852        691      1,075          1      4,618        260 |    19,497 
    2006q2 |    15,279        854      1,671          0      7,712        437 |    25,953 
    2006q3 |    18,268        765      1,575          1      6,232        468 |    27,309 
    2006q4 |    22,451        812      2,308         18      7,262        746 |    33,597 
    2007q1 |    25,145      1,181      2,221          3      8,290        679 |    37,519 
    2007q2 |    24,783      1,148      2,358          2     10,634        820 |    39,745 
    2007q3 |    26,272        916      2,037          3      7,177        748 |    37,153 
    2007q4 |    29,941      1,040      2,715         14      8,146      1,011 |    42,867 
    2008q1 |    32,109      1,213      2,364          2      8,259        850 |    44,797 
    2008q2 |    31,915      1,110      2,226          7     10,615      1,032 |    46,905 
    2008q3 |    34,040        851      2,110          2      6,757      1,070 |    44,830 
    2008q4 |    39,958      1,035      2,803         20      6,060      1,195 |    51,071 
    2009q1 |    45,946      1,343      2,148          7      5,754      1,119 |    56,317 
    2009q2 |    45,029      1,333      2,526          6     10,303      1,166 |    60,363 
    2009q3 |    45,079      1,099      2,446          3      7,005      1,406 |    57,038 
    2009q4 |    46,737      1,185      3,085         17      6,392      1,427 |    58,843 
    2010q1 |    48,799      1,546      2,320          6      5,811      1,008 |    59,490 
    2010q2 |    46,221      1,549      2,447          9      9,413      1,141 |    60,780 
    2010q3 |    48,099      1,196      2,438          2      6,751      1,390 |    59,876 
    2010q4 |    51,288      1,331      3,118         17      6,785      1,338 |    63,877 
    2011q1 |    54,761      1,867      2,271          4      7,248      1,016 |    67,167 
    2011q2 |    55,330      1,642      2,694          5     11,876      1,117 |    72,664 
    2011q3 |    58,778      1,364      2,582          8      7,308      1,472 |    71,512 
    2011q4 |    64,485      1,480      3,892         94      6,861      1,442 |    78,254 
    2012q1 |    71,017      1,955      1,795          2      6,876      1,059 |    82,704 
    2012q2 |    70,225      2,015      2,741          1     11,798      1,260 |    88,040 
    2012q3 |    71,932      1,656      1,712          2      7,368      1,591 |    84,261 
    2012q4 |    76,748      1,748      2,476        147      7,167      1,428 |    89,714 
    2013q1 |    82,783      2,253      1,385          4      7,005      1,147 |    94,577 
    2013q2 |    79,482      2,444      2,201          7     12,572      1,428 |    98,134 
    2013q3 |    78,622      1,958      1,446          4      8,866      1,611 |    92,507 
    2013q4 |    80,979      2,114      2,252        222      8,758      1,518 |    95,843 
    2014q1 |    83,945      2,647      1,936          2      8,426      1,092 |    98,048 
    2014q2 |    81,659      2,538      2,474          0     13,494      1,304 |   101,469 
    2014q3 |    82,980      2,086      1,854          4      8,855      1,582 |    97,361 
    2014q4 |    87,947      2,105      2,378        313      9,112      1,558 |   103,413 
    2015q1 |    92,126      2,649      2,143          8      9,756      1,309 |   107,991 
    2015q2 |    89,443      2,425      2,492          1     14,302      1,457 |   110,120 
    2015q3 |    93,375      1,867      1,807          2      9,080      1,614 |   107,745 
-----------+------------------------------------------------------------------+----------
     Total | 2,146,828     61,011     88,522        970    326,704     45,316 | 2,669,351 

. log close
      name:  <unnamed>
       log:  C:\Users\Cristina Lafuente\Documents\Research\MCVL\flows_ss_0_stu_q.log
  log type:  text
 closed on:  11 Dec 2025, 16:39:56
-----------------------------------------------------------------------------------------------------------------------------------
