-----------------------------------------------------------------------------------------------------------------------------------
      name:  <unnamed>
       log:  C:\Users\Cristina Lafuente\Documents\Research\MCVL\flows_ss_u_stu_q.log
  log type:  text
 opened on:  11 Dec 2025, 16:39:38

. tab time flow if state=="U"&length(flow)==2

           |                               flow
      time |        U0         UA         UP         UR         UT         UU |     Total
-----------+------------------------------------------------------------------+----------
    2006q1 |     5,044        638      3,017        683     10,598     33,412 |    53,392 
    2006q2 |     3,809        542      1,809        563     10,129     31,027 |    47,879 
    2006q3 |     4,093        478      3,118        587      8,385     31,417 |    48,078 
    2006q4 |     4,550        595      2,073      1,096      8,218     32,406 |    48,938 
    2007q1 |     5,584        656      3,588        605     10,917     34,600 |    55,950 
    2007q2 |     3,752        605      2,249        554     10,664     33,792 |    51,616 
    2007q3 |     4,391        493      3,536        590      9,179     35,952 |    54,141 
    2007q4 |     4,912        546      2,260      1,103      9,010     37,761 |    55,592 
    2008q1 |     6,202        645      3,716        733     10,957     41,729 |    63,982 
    2008q2 |     4,593        554      2,408        754     12,213     43,011 |    63,533 
    2008q3 |     5,209        441      4,128        692     10,086     49,437 |    69,993 
    2008q4 |     6,545        496      2,604      1,220      8,485     58,252 |    77,602 
    2009q1 |     7,092        627      3,840        925     11,146     73,686 |    97,316 
    2009q2 |     5,510        587      3,188      1,022     16,996     78,016 |   105,319 
    2009q3 |     4,786        548      4,846        933     12,482     82,112 |   105,707 
    2009q4 |     4,938        626      3,409      1,553     11,152     88,114 |   109,792 
    2010q1 |     5,978        821      4,392        942     14,024     97,246 |   123,403 
    2010q2 |     7,626        872      3,560        944     19,310     89,794 |   122,106 
    2010q3 |     7,168        689      5,149      1,009     13,209     87,272 |   114,496 
    2010q4 |     7,997        799      3,300      1,708     11,890     87,178 |   112,872 
    2011q1 |    10,010        957      4,231      1,066     14,357     87,640 |   118,261 
    2011q2 |     8,095        826      2,864      1,044     16,955     80,774 |   110,558 
    2011q3 |     7,910        676      5,111        879     11,054     79,694 |   105,324 
    2011q4 |     8,218        731      2,952      1,517      9,226     81,453 |   104,097 
    2012q1 |     9,533        923      3,823        981     10,826     88,526 |   114,612 
    2012q2 |     7,132        913      2,866      1,023     14,642     86,442 |   113,018 
    2012q3 |     6,937        797      4,800      1,060     10,099     87,541 |   111,234 
    2012q4 |     8,068        865      2,428      1,724      9,828     87,589 |   110,502 
    2013q1 |     9,035      1,021      3,560      1,086     10,572     91,066 |   116,340 
    2013q2 |     6,271      1,116      2,546      1,073     15,804     85,598 |   112,408 
    2013q3 |     6,384        936      5,057      1,106     11,737     82,171 |   107,391 
    2013q4 |     7,136      1,088      2,179      1,989     10,540     79,467 |   102,399 
    2014q1 |    10,249      1,201      4,274      1,067     12,187     78,429 |   107,407 
    2014q2 |     7,720      1,078      2,597        952     14,534     72,683 |    99,564 
    2014q3 |     7,775        892      5,233        980     10,442     70,055 |    95,377 
    2014q4 |     9,467        829      2,416      1,528     10,121     68,545 |    92,906 
    2015q1 |    10,149      1,023      4,179      1,006     12,472     67,151 |    95,980 
    2015q2 |     8,186        853      2,339      1,060     14,534     62,323 |    89,295 
    2015q3 |    10,259        744      5,267        906     10,254     60,246 |    87,676 
-----------+------------------------------------------------------------------+----------
     Total |   268,313     29,727    134,912     40,263    459,234  2,643,607 | 3,576,056 

. log close
      name:  <unnamed>
       log:  C:\Users\Cristina Lafuente\Documents\Research\MCVL\flows_ss_u_stu_q.log
  log type:  text
 closed on:  11 Dec 2025, 16:39:44
-----------------------------------------------------------------------------------------------------------------------------------
