-----------------------------------------------------------------------------------------------------------------------------------
      name:  <unnamed>
       log:  C:\Users\Cristina Lafuente\Documents\Research\MCVL\flows_ss_t_stu_q.log
  log type:  text
 opened on:  11 Dec 2025, 16:39:44

. tab time flow if state=="T"&length(flow)==2

           |                               flow
      time |        T0         TA         TP         TR         TT         TU |     Total
-----------+------------------------------------------------------------------+----------
    2006q1 |     4,304        708     13,736        154    165,264      9,288 |   193,454 
    2006q2 |     4,408        700     13,557        161    168,530     10,523 |   197,879 
    2006q3 |     6,771        715     15,013        180    170,905     12,578 |   206,162 
    2006q4 |     5,486        781     23,720        489    153,783     13,523 |   197,782 
    2007q1 |     5,044        773     12,001        212    159,240      9,587 |   186,857 
    2007q2 |     4,789        722     12,836        231    162,402     12,002 |   192,982 
    2007q3 |     7,887        704     12,819        238    164,573     13,957 |   200,178 
    2007q4 |     5,365        742     14,913        486    154,885     15,545 |   191,936 
    2008q1 |     5,020        604     12,589        265    155,973     13,616 |   188,067 
    2008q2 |     4,598        553     11,403        281    152,140     16,823 |   185,798 
    2008q3 |     7,392        466     10,885        291    146,478     20,679 |   186,191 
    2008q4 |     4,518        458     11,876        701    127,201     23,160 |   167,914 
    2009q1 |     3,333        388      7,750        341    122,495     16,622 |   150,929 
    2009q2 |     2,875        426      7,424        326    118,599     15,173 |   144,823 
    2009q3 |     5,267        358      7,607        370    120,815     18,866 |   153,283 
    2009q4 |     3,058        349      9,013        628    112,470     19,287 |   144,805 
    2010q1 |     2,555        344      6,702        392    114,278     13,564 |   137,835 
    2010q2 |     2,688        393      6,787        372    114,256     14,485 |   138,981 
    2010q3 |     5,321        446      7,619        395    116,861     18,866 |   149,508 
    2010q4 |     3,272        443      9,305        672    108,919     18,014 |   140,625 
    2011q1 |     3,348        437      7,067        405    110,274     13,207 |   134,738 
    2011q2 |     3,647        356      6,646        356    111,132     14,838 |   136,975 
    2011q3 |     6,790        422      6,725        376    114,014     18,456 |   146,783 
    2011q4 |     4,133        375      7,610        600    104,294     19,055 |   136,067 
    2012q1 |     3,266        353      5,793        383    103,663     13,109 |   126,567 
    2012q2 |     3,338        405      6,069        440    102,146     13,554 |   125,952 
    2012q3 |     6,411        412      5,758        451    105,246     17,240 |   135,518 
    2012q4 |     4,177        401      7,948        623     96,719     15,980 |   125,848 
    2013q1 |     3,371        427      5,184        463     99,368     11,288 |   120,101 
    2013q2 |     3,448        494      5,290        462     98,907     11,381 |   119,982 
    2013q3 |     6,424        495      5,558        461    106,017     15,422 |   134,377 
    2013q4 |     4,922        526      7,654        730    103,146     14,665 |   131,643 
    2014q1 |     4,249        549      6,183        464    107,251     10,646 |   129,342 
    2014q2 |     4,370        576      6,415        441    108,441     11,668 |   131,911 
    2014q3 |     7,506        562      7,009        404    113,857     15,316 |   144,654 
    2014q4 |     5,127        540      8,635        723    110,123     14,099 |   139,247 
    2015q1 |     4,325        542      7,091        378    115,648      9,938 |   137,922 
    2015q2 |     5,507        613      7,747        392    117,568     12,342 |   144,169 
    2015q3 |    10,569        542      7,745        431    124,312     15,689 |   159,288 
-----------+------------------------------------------------------------------+----------
     Total |   188,879     20,100    355,682     16,168  4,862,193    574,051 | 6,017,073 

. log close
      name:  <unnamed>
       log:  C:\Users\Cristina Lafuente\Documents\Research\MCVL\flows_ss_t_stu_q.log
  log type:  text
 closed on:  11 Dec 2025, 16:39:48
-----------------------------------------------------------------------------------------------------------------------------------
