-----------------------------------------------------------------------------------------------------------------------------------
      name:  <unnamed>
       log:  C:\Users\Cristina Lafuente\Documents\Research\MCVL\flows_ss_p_stu_q.log
  log type:  text
 opened on:  11 Dec 2025, 16:39:48

. tab time flow if state=="P"&length(flow)==2

           |                               flow
      time |        P0         PA         PP         PR         PT         PU |     Total
-----------+------------------------------------------------------------------+----------
    2006q1 |     2,532        705    373,078        940      5,823      4,119 |   387,197 
    2006q2 |     2,468        721    376,815        955      7,307      5,574 |   393,840 
    2006q3 |     2,814        668    380,502        847      6,786      4,545 |   396,162 
    2006q4 |     2,845      1,031    380,624      1,262      7,927      6,608 |   400,297 
    2007q1 |     2,654        893    397,056        986      6,838      4,871 |   413,298 
    2007q2 |     2,497        771    398,333        963      7,577      6,311 |   416,452 
    2007q3 |     2,500        732    401,188        926      6,788      5,201 |   417,335 
    2007q4 |     2,468        984    399,852      1,178      7,861      7,782 |   420,125 
    2008q1 |     2,125        759    408,003      1,083      5,724      5,947 |   423,641 
    2008q2 |     2,199        604    409,497      1,091      5,964      8,636 |   427,991 
    2008q3 |     2,199        492    409,734      1,019      4,669      8,179 |   426,292 
    2008q4 |     2,250        736    403,285      1,039      4,930     12,564 |   424,804 
    2009q1 |     2,165        576    406,009      1,120      3,029     10,944 |   423,843 
    2009q2 |     2,235        478    402,520      1,046      3,607     10,723 |   420,609 
    2009q3 |     1,793        475    401,214        906      3,053      8,640 |   416,081 
    2009q4 |     2,278        638    396,159      1,154      4,123     11,096 |   415,448 
    2010q1 |     2,126        537    399,430      1,114      2,586      8,342 |   414,135 
    2010q2 |     2,045        567    396,234        988      3,425      9,680 |   412,939 
    2010q3 |     1,622        459    395,854      1,021      2,826      7,583 |   409,365 
    2010q4 |     2,200        700    391,695      1,222      3,660     10,378 |   409,855 
    2011q1 |     2,791        605    394,526        998      2,909      7,740 |   409,569 
    2011q2 |     2,558        498    391,178        956      3,225      9,902 |   408,317 
    2011q3 |     2,099        447    390,541        846      2,650      7,553 |   404,136 
    2011q4 |     2,320        663    385,943      1,133      3,411     11,231 |   404,701 
    2012q1 |     2,161        565    386,872        945      3,099      8,628 |   402,270 
    2012q2 |     1,606        544    378,578      1,138      3,690     10,580 |   396,136 
    2012q3 |     1,542        438    376,894      1,020      2,766      7,781 |   390,441 
    2012q4 |     1,502        677    369,844      1,248      3,438     10,670 |   387,379 
    2013q1 |     1,036        556    372,173        907      2,503      7,399 |   384,574 
    2013q2 |     1,087        530    364,400      1,060      2,927      9,789 |   379,793 
    2013q3 |     1,357        434    362,517      1,011      2,743      6,285 |   374,347 
    2013q4 |     1,260        658    358,415      1,414      3,157      8,855 |   373,759 
    2014q1 |     1,154        561    361,502        937      2,458      5,523 |   372,135 
    2014q2 |     1,284        556    359,506        954      3,093      8,088 |   373,481 
    2014q3 |     1,637        516    360,240        912      3,000      5,074 |   371,379 
    2014q4 |     1,390        714    360,328      1,259      3,307      7,696 |   374,694 
    2015q1 |     1,348        576    365,497      1,025      2,797      4,320 |   375,563 
    2015q2 |     1,460        508    363,815      1,087      3,951      7,870 |   378,691 
    2015q3 |     1,773        474    365,575      1,035      3,621      4,761 |   377,239 
-----------+------------------------------------------------------------------+----------
     Total |    77,380     24,046 14,995,426     40,745    163,248    307,468 |15,608,313 

. log close
      name:  <unnamed>
       log:  C:\Users\Cristina Lafuente\Documents\Research\MCVL\flows_ss_p_stu_q.log
  log type:  text
 closed on:  11 Dec 2025, 16:39:53
-----------------------------------------------------------------------------------------------------------------------------------
