-----------------------------------------------------------------------------------------------------------------------------------
      name:  <unnamed>
       log:  C:\Users\Cristina Lafuente\Documents\Research\MCVL\stocks_ss_stu_q.log
  log type:  text
 opened on:  11 Dec 2025, 16:38:58

. tab time state

           |                               state
      time |         0          A          P          R          T          U |     Total
-----------+------------------------------------------------------------------+----------
    2006q1 |    20,107    128,431    389,938    214,114    203,721     55,300 | 1,011,611 
    2006q2 |    26,624    130,046    397,320    215,197    210,761     48,666 | 1,028,614 
    2006q3 |    28,164    131,279    399,298    216,206    225,427     49,077 | 1,049,451 
    2006q4 |    34,479    131,770    405,909    217,147    212,484     50,742 | 1,052,531 
    2007q1 |    38,261    131,373    416,512    225,140    195,976     56,867 | 1,064,129 
    2007q2 |    40,554    133,235    420,679    225,520    204,718     52,459 | 1,077,165 
    2007q3 |    38,154    134,659    421,305    226,322    218,325     55,373 | 1,094,138 
    2007q4 |    43,941    135,343    425,626    226,944    206,057     58,250 | 1,096,161 
    2008q1 |    45,694    134,836    426,808    227,434    196,992     65,639 | 1,097,403 
    2008q2 |    47,838    135,640    432,310    228,474    197,231     65,282 | 1,106,775 
    2008q3 |    46,038    135,007    430,638    229,661    202,691     72,277 | 1,116,312 
    2008q4 |    52,223    133,391    432,549    230,858    182,240     82,363 | 1,113,624 
    2009q1 |    57,106    129,951    427,501    233,715    157,744     99,443 | 1,105,460 
    2009q2 |    61,371    129,012    424,882    235,004    152,760    107,795 | 1,110,824 
    2009q3 |    58,517    127,938    419,984    236,381    165,522    108,480 | 1,116,822 
    2009q4 |    60,004    126,827    421,366    237,506    153,955    114,602 | 1,114,260 
    2010q1 |    60,279    124,497    417,126    240,840    143,115    125,864 | 1,111,721 
    2010q2 |    61,693    124,815    417,070    242,060    146,164    125,652 | 1,117,454 
    2010q3 |    61,217    124,894    412,784    243,104    161,033    118,369 | 1,121,401 
    2010q4 |    65,091    124,289    415,855    244,197    149,413    118,604 | 1,117,449 
    2011q1 |    67,926    123,003    412,103    246,321    139,729    121,859 | 1,110,941 
    2011q2 |    73,617    124,043    411,991    247,381    143,796    114,626 | 1,115,454 
    2011q3 |    72,909    123,962    407,059    248,273    157,727    109,918 | 1,119,848 
    2011q4 |    79,345    123,235    409,464    249,083    143,832    110,811 | 1,115,770 
    2012q1 |    83,468    121,696    405,372    250,411    131,343    118,478 | 1,110,768 
    2012q2 |    89,268    122,182    401,283    250,770    132,591    117,391 | 1,113,485 
    2012q3 |    85,883    122,427    394,054    251,709    145,971    115,887 | 1,115,931 
    2012q4 |    91,078    121,575    393,130    247,400    134,597    118,271 | 1,106,051 
    2013q1 |    95,430    119,707    387,253    248,249    125,166    120,754 | 1,096,559 
    2013q2 |    99,346    120,708    384,791    249,175    127,458    116,772 | 1,098,250 
    2013q3 |    94,004    121,652    377,810    250,321    144,528    111,756 | 1,100,071 
    2013q4 |    97,028    121,377    378,530    251,663    140,723    109,350 | 1,098,671 
    2014q1 |    98,840    120,772    374,282    254,473    135,197    109,094 | 1,092,658 
    2014q2 |   102,790    122,766    377,264    255,056    140,509    101,278 | 1,099,663 
    2014q3 |    98,853    124,010    374,586    255,742    155,659     97,181 | 1,106,031 
    2014q4 |   104,623    123,907    378,708    256,433    148,157     95,928 | 1,107,756 
    2015q1 |   108,847    123,267    377,582    257,721    143,227     96,430 | 1,107,074 
    2015q2 |   111,141    125,263    382,573    257,904    152,521     89,675 | 1,119,077 
    2015q3 |   108,748    126,193    380,394    258,632    168,574     87,958 | 1,130,499 
    2015q4 |   121,267    125,750    384,964    259,562    159,915     86,465 | 1,137,923 
-----------+------------------------------------------------------------------+----------
     Total | 2,831,766  5,064,728 16,148,653  9,642,103  6,557,549  3,780,986 |44,025,785 

. log close
      name:  <unnamed>
       log:  C:\Users\Cristina Lafuente\Documents\Research\MCVL\stocks_ss_stu_q.log
  log type:  text
 closed on:  11 Dec 2025, 16:39:06
-----------------------------------------------------------------------------------------------------------------------------------
