-----------------------------------------------------------------------------------------------------------------------------------
      name:  <unnamed>
       log:  C:\Users\Cristina Lafuente\Documents\Research\MCVL\stocks_ss_sex_stu_q.log
  log type:  text
 opened on:  11 Dec 2025, 16:39:30

. tab time state if sex==1

           |                               state
      time |         0          A          P          R          T          U |     Total
-----------+------------------------------------------------------------------+----------
    2006q1 |    10,018     87,107    217,387      2,318    120,346     28,024 |   465,200 
    2006q2 |    12,673     88,125    220,996      2,330    124,628     24,110 |   472,862 
    2006q3 |    13,107     88,903    223,141      2,338    133,455     23,082 |   484,026 
    2006q4 |    15,930     89,179    225,471      2,347    125,427     25,025 |   483,379 
    2007q1 |    17,715     88,916    231,824      2,406    114,694     27,961 |   483,516 
    2007q2 |    18,222     90,108    232,969      2,415    120,018     25,195 |   488,927 
    2007q3 |    16,709     91,055    234,360      2,441    127,228     25,779 |   497,572 
    2007q4 |    20,102     91,565    234,990      2,423    119,512     28,250 |   496,842 
    2008q1 |    21,340     91,113    234,942      2,492    113,238     32,521 |   495,646 
    2008q2 |    22,137     91,469    236,917      2,510    112,542     33,207 |   498,782 
    2008q3 |    21,280     90,786    236,821      2,530    114,032     37,217 |   502,666 
    2008q4 |    24,948     89,522    235,810      2,529    100,890     45,368 |   499,067 
    2009q1 |    28,369     86,960    232,131      2,675     84,569     56,771 |   491,475 
    2009q2 |    30,807     86,047    228,729      2,727     81,593     62,229 |   492,132 
    2009q3 |    29,151     85,237    226,856      2,863     89,370     60,794 |   494,271 
    2009q4 |    29,702     84,390    225,675      2,975     82,968     65,277 |   490,987 
    2010q1 |    30,062     82,608    223,287      3,088     74,930     72,315 |   486,290 
    2010q2 |    30,862     82,690    221,615      3,076     77,496     71,816 |   487,555 
    2010q3 |    30,840     82,688    220,570      3,031     86,191     65,187 |   488,507 
    2010q4 |    32,765     82,129    220,619      2,998     79,896     66,156 |   484,563 
    2011q1 |    34,739     81,120    218,785      3,015     73,050     67,944 |   478,653 
    2011q2 |    37,886     81,720    217,118      3,043     75,997     63,606 |   479,370 
    2011q3 |    37,513     81,648    215,980      3,051     83,167     59,394 |   480,753 
    2011q4 |    40,752     81,115    215,172      3,001     75,486     61,465 |   476,991 
    2012q1 |    43,130     79,940    213,293      3,035     67,311     65,926 |   472,635 
    2012q2 |    46,306     80,201    209,864      3,014     67,764     65,516 |   472,665 
    2012q3 |    44,745     80,372    207,442      3,003     74,604     62,916 |   473,082 
    2012q4 |    47,579     79,673    203,991      2,599     68,680     65,612 |   468,134 
    2013q1 |    50,306     78,304    200,281      2,579     63,187     67,113 |   461,770 
    2013q2 |    52,058     78,787    198,278      2,632     64,154     65,379 |   461,288 
    2013q3 |    49,042     79,456    195,870      2,684     73,935     60,660 |   461,647 
    2013q4 |    50,288     79,158    193,992      2,736     72,901     60,372 |   459,447 
    2014q1 |    51,435     78,609    191,812      2,801     69,485     59,988 |   454,130 
    2014q2 |    53,294     79,774    193,301      2,824     71,541     55,622 |   456,356 
    2014q3 |    50,680     80,666    193,916      2,791     80,413     50,961 |   459,427 
    2014q4 |    53,299     80,623    193,951      2,768     76,786     51,605 |   459,032 
    2015q1 |    55,601     80,086    193,475      2,820     73,600     51,538 |   457,120 
    2015q2 |    55,991     81,335    196,117      2,840     78,827     47,240 |   462,350 
    2015q3 |    54,113     82,037    197,219      2,859     88,037     44,037 |   468,302 
    2015q4 |    60,177     81,720    197,632      2,873     83,219     45,064 |   470,685 
-----------+------------------------------------------------------------------+----------
     Total | 1,425,673  3,356,941  8,612,599    109,480  3,565,167  2,048,242 |19,118,102 

. tab time state if sex==2

           |                               state
      time |         0          A          P          R          T          U |     Total
-----------+------------------------------------------------------------------+----------
    2006q1 |    10,089     41,324    172,551        898     83,374     27,276 |   335,512 
    2006q2 |    13,951     41,921    176,324        920     86,132     24,556 |   343,804 
    2006q3 |    15,057     42,376    176,157        945     91,971     25,995 |   352,501 
    2006q4 |    18,549     42,591    180,438        977     87,056     25,717 |   355,328 
    2007q1 |    20,546     42,457    184,688      1,028     81,282     28,905 |   358,906 
    2007q2 |    22,332     43,127    187,709      1,062     84,699     27,263 |   366,192 
    2007q3 |    21,445     43,604    186,944      1,238     91,096     29,593 |   373,920 
    2007q4 |    23,839     43,778    190,635      1,303     86,545     29,998 |   376,098 
    2008q1 |    24,354     43,723    191,865      2,547     83,754     33,118 |   379,361 
    2008q2 |    25,700     44,171    195,393      2,774     84,689     32,075 |   384,802 
    2008q3 |    24,758     44,221    193,817      2,949     88,658     35,060 |   389,463 
    2008q4 |    27,275     43,869    196,739      3,040     81,348     36,995 |   389,266 
    2009q1 |    28,736     42,991    195,370      4,995     73,174     42,672 |   387,938 
    2009q2 |    30,563     42,965    196,153      5,280     71,166     45,566 |   391,693 
    2009q3 |    29,365     42,701    193,128      5,462     76,151     47,686 |   394,493 
    2009q4 |    30,301     42,437    195,690      5,496     70,987     49,325 |   394,236 
    2010q1 |    30,215     41,889    193,839      6,829     68,185     53,549 |   394,506 
    2010q2 |    30,830     42,125    195,455      6,916     68,667     53,836 |   397,829 
    2010q3 |    30,376     42,206    192,214      6,945     74,841     53,182 |   399,764 
    2010q4 |    32,325     42,160    195,236      6,867     69,516     52,448 |   398,552 
    2011q1 |    33,186     41,883    193,318      7,509     66,679     53,915 |   396,490 
    2011q2 |    35,730     42,323    194,873      7,677     67,798     51,020 |   399,421 
    2011q3 |    35,396     42,314    191,079      7,735     74,560     50,523 |   401,607 
    2011q4 |    38,593     42,120    194,292      7,755     68,346     49,345 |   400,451 
    2012q1 |    40,337     41,756    192,078      7,968     64,032     52,552 |   398,723 
    2012q2 |    42,961     41,981    191,418      7,812     64,827     51,875 |   400,874 
    2012q3 |    41,137     42,055    186,611      7,742     71,367     52,971 |   401,883 
    2012q4 |    43,498     41,902    189,138      2,497     65,917     52,659 |   395,611 
    2013q1 |    45,123     41,403    186,971      2,440     61,978     53,641 |   391,556 
    2013q2 |    47,287     41,921    186,512      2,476     63,303     51,393 |   392,892 
    2013q3 |    44,962     42,196    181,940      2,387     70,592     51,095 |   393,172 
    2013q4 |    46,740     42,219    184,538      2,348     67,821     48,977 |   392,643 
    2014q1 |    47,405     42,163    182,470      2,358     65,711     49,105 |   389,212 
    2014q2 |    49,495     42,992    183,963      2,334     68,967     45,656 |   393,407 
    2014q3 |    48,171     43,344    180,670      2,286     75,246     46,220 |   395,937 
    2014q4 |    51,322     43,284    184,757      2,253     71,371     44,323 |   397,310 
    2015q1 |    53,245     43,181    184,107      2,214     69,627     44,891 |   397,265 
    2015q2 |    55,149     43,928    186,456      2,181     73,694     42,434 |   403,842 
    2015q3 |    54,634     44,156    183,175      2,163     80,536     43,921 |   408,585 
    2015q4 |    61,089     44,030    187,332      2,135     76,695     41,401 |   412,682 
-----------+------------------------------------------------------------------+----------
     Total | 1,406,066  1,707,787  7,536,043    152,741  2,992,358  1,732,732 |15,527,727 

. log close
      name:  <unnamed>
       log:  C:\Users\Cristina Lafuente\Documents\Research\MCVL\stocks_ss_sex_stu_q.log
  log type:  text
 closed on:  11 Dec 2025, 16:39:38
-----------------------------------------------------------------------------------------------------------------------------------
